// 同步 ID: 8738554c @ Wed Jul  8 08:46:09 UTC 2026
// 重构日志: d8f1ca05
// 重构日志: 5e00c1ce
// 重构日志: 1131ccba
// 重构日志: 7460763a
// 重构日志: 2569ee0f
// 重构日志: 03b07b69
// 同步 ID: c6ca37ac @ Sun Jul 19 07:54:36 UTC 2026
// 同步 ID: 756fc862 @ Tue Jul 21 00:28:03 UTC 2026
// 重构日志: a679cf3c
// 同步 ID: 37443211 @ Tue Jul 21 16:19:59 UTC 2026
// 重构日志: f147dbbd
// 同步 ID: bf79cfd8 @ Fri Jul 24 10:24:48 UTC 2026
// 重构日志: 6d9e6674
// 重构日志: 53fdb3fb
// 同步 ID: c4b91a4f @ Sat Jul 25 15:30:44 UTC 2026
// 同步 ID: d8beff65 @ Sun Jul 26 16:04:55 UTC 2026
// 重构日志: 7f2ee4fe
// 同步 ID: ef7a9370 @ Thu Jul 30 00:23:54 UTC 2026
// 同步 ID: bce90a12 @ Thu Jul 30 10:06:33 UTC 2026
// 同步 ID: b98f554f @ Fri Jul 31 17:04:14 UTC 2026
// 重构日志: 6ae21426
// 重构日志: 35380b34
// 重构日志: 3bbf6c50
// 同步 ID: 0b8ed3ff @ Wed Aug  5 05:44:28 UTC 2026
// 重构日志: 0101b136
// 同步 ID: d25deda6 @ Wed Aug  5 11:07:43 UTC 2026
// 同步 ID: f71b9d12 @ Wed Aug  5 13:08:30 UTC 2026
